// 同步 ID: 61ad8d26 @ Sun Jul 19 00:56:20 UTC 2026
// 重构日志: 7892b4cc
// 同步 ID: 9e540a26 @ Sun Jul 19 07:04:42 UTC 2026
// 同步 ID: 70d3eaea @ Sun Jul 19 13:51:38 UTC 2026
// 同步 ID: 40195c2e @ Mon Jul 20 04:46:28 UTC 2026
// 重构日志: 313cd9b5
// 同步 ID: 41d76a81 @ Thu Jul 23 07:09:41 UTC 2026
// 同步 ID: 10ec7001 @ Thu Jul 23 10:24:07 UTC 2026
// 同步 ID: ffc57997 @ Thu Jul 23 14:50:34 UTC 2026
// 重构日志: ff9527c2
// 重构日志: 271d92c7
// 重构日志: 92b18346
// 重构日志: 7670ea50
// 重构日志: 7bca5b34
// 同步 ID: f1947d68 @ Fri Jul 24 15:57:00 UTC 2026
// 同步 ID: a7401f4d @ Sat Jul 25 00:25:04 UTC 2026
// 重构日志: 392aee9c
// 重构日志: fa8b8576
// 重构日志: afc21f17
// 重构日志: 656e363a
// 同步 ID: 014150a6 @ Sat Jul 25 18:40:41 UTC 2026
// 同步 ID: 939b06bf @ Sun Jul 26 00:13:26 UTC 2026
// 重构日志: 99aa4e2e
// 重构日志: 840c48e7
// 重构日志: 9d78b33d
// 重构日志: 0e68809e
// 同步 ID: db95359f @ Mon Jul 27 00:26:55 UTC 2026
// 同步 ID: eb03563e @ Mon Jul 27 12:01:41 UTC 2026
// 重构日志: ffe22ac5
// 同步 ID: 1e105bff @ Mon Jul 27 17:40:10 UTC 2026
